Rocky Linux 9 - BaseOS                           11 MB/s |  32 MB     00:03    
Rocky Linux 9 - AppStream                       6.5 MB/s |  25 MB     00:03    
Rocky Linux 9 - Extras                           20 kB/s |  17 kB     00:00    
Package ca-certificates-2023.2.60_v7.0.306-90.1.el9_2.noarch is already installed.
Package gnupg2-2.3.3-4.el9.x86_64 is already installed.
Dependencies resolved.
================================================================================
 Package                    Arch     Version                     Repo      Size
================================================================================
Installing:
 dnf-plugins-core           noarch   4.3.0-26.el9                baseos    35 k
Upgrading:
 ca-certificates            noarch   2025.2.80_v9.0.305-91.el9   baseos   948 k
 gnupg2                     x86_64   2.3.3-5.el9_7               baseos   2.5 M
Installing dependencies:
 dbus-libs                  x86_64   1:1.12.20-8.el9             baseos   151 k
 python3-dateutil           noarch   1:2.9.0.post0-1.el9_7       baseos   290 k
 python3-dbus               x86_64   1.2.18-2.el9.0.1            baseos   131 k
 python3-dnf-plugins-core   noarch   4.3.0-26.el9                baseos   245 k
 python3-six                noarch   1.15.0-9.el9                baseos    36 k
 python3-systemd            x86_64   234-19.el9                  baseos    82 k

Transaction Summary
================================================================================
Install  7 Packages
Upgrade  2 Packages

Total download size: 4.3 M
Downloading Packages:
(1/9): dnf-plugins-core-4.3.0-26.el9.noarch.rpm  45 kB/s |  35 kB     00:00    
(2/9): dbus-libs-1.12.20-8.el9.x86_64.rpm       190 kB/s | 151 kB     00:00    
(3/9): python3-dbus-1.2.18-2.el9.0.1.x86_64.rpm 2.4 MB/s | 131 kB     00:00    
(4/9): python3-dateutil-2.9.0.post0-1.el9_7.noa 348 kB/s | 290 kB     00:00    
(5/9): python3-dnf-plugins-core-4.3.0-26.el9.no 4.1 MB/s | 245 kB     00:00    
(6/9): python3-six-1.15.0-9.el9.noarch.rpm      1.2 MB/s |  36 kB     00:00    
(7/9): python3-systemd-234-19.el9.x86_64.rpm    2.8 MB/s |  82 kB     00:00    
(8/9): ca-certificates-2025.2.80_v9.0.305-91.el 7.9 MB/s | 948 kB     00:00    
(9/9): gnupg2-2.3.3-5.el9_7.x86_64.rpm          9.7 MB/s | 2.5 MB     00:00    
--------------------------------------------------------------------------------
Total                                           2.8 MB/s | 4.3 MB     00:01     
Rocky Linux 9 - BaseOS                          1.7 MB/s | 1.7 kB     00:00    
Importing GPG key 0x350D275D:
 Userid     : "Rocky Enterprise Software Foundation - Release key 2022 <releng@rockylinux.org>"
 Fingerprint: 21CB 256A E16F C54C 6E65 2949 702D 426D 350D 275D
 From       : /etc/pki/rpm-gpg/RPM-GPG-KEY-Rocky-9
Key imported successfully
Running transaction check
Transaction check succeeded.
Running transaction test
Transaction test succeeded.
Running transaction
  Preparing        :                                                        1/1 
  Installing       : python3-systemd-234-19.el9.x86_64                     1/11 
  Installing       : python3-six-1.15.0-9.el9.noarch                       2/11 
  Installing       : python3-dateutil-1:2.9.0.post0-1.el9_7.noarch         3/11 
  Installing       : dbus-libs-1:1.12.20-8.el9.x86_64                      4/11 
  Installing       : python3-dbus-1.2.18-2.el9.0.1.x86_64                  5/11 
  Installing       : python3-dnf-plugins-core-4.3.0-26.el9.noarch          6/11 
  Installing       : dnf-plugins-core-4.3.0-26.el9.noarch                  7/11 
  Upgrading        : gnupg2-2.3.3-5.el9_7.x86_64                           8/11 
  Running scriptlet: ca-certificates-2025.2.80_v9.0.305-91.el9.noarch      9/11 
  Upgrading        : ca-certificates-2025.2.80_v9.0.305-91.el9.noarch      9/11 
  Running scriptlet: ca-certificates-2025.2.80_v9.0.305-91.el9.noarch      9/11 
  Cleanup          : ca-certificates-2023.2.60_v7.0.306-90.1.el9_2.noar   10/11 
  Cleanup          : gnupg2-2.3.3-4.el9.x86_64                            11/11 
  Running scriptlet: ca-certificates-2025.2.80_v9.0.305-91.el9.noarch     11/11 
  Running scriptlet: gnupg2-2.3.3-4.el9.x86_64                            11/11 
  Verifying        : dbus-libs-1:1.12.20-8.el9.x86_64                      1/11 
  Verifying        : dnf-plugins-core-4.3.0-26.el9.noarch                  2/11 
  Verifying        : python3-dateutil-1:2.9.0.post0-1.el9_7.noarch         3/11 
  Verifying        : python3-dbus-1.2.18-2.el9.0.1.x86_64                  4/11 
  Verifying        : python3-dnf-plugins-core-4.3.0-26.el9.noarch          5/11 
  Verifying        : python3-six-1.15.0-9.el9.noarch                       6/11 
  Verifying        : python3-systemd-234-19.el9.x86_64                     7/11 
  Verifying        : ca-certificates-2025.2.80_v9.0.305-91.el9.noarch      8/11 
  Verifying        : ca-certificates-2023.2.60_v7.0.306-90.1.el9_2.noar    9/11 
  Verifying        : gnupg2-2.3.3-5.el9_7.x86_64                          10/11 
  Verifying        : gnupg2-2.3.3-4.el9.x86_64                            11/11 

Upgraded:
  ca-certificates-2025.2.80_v9.0.305-91.el9.noarch  gnupg2-2.3.3-5.el9_7.x86_64 
Installed:
  dbus-libs-1:1.12.20-8.el9.x86_64                                              
  dnf-plugins-core-4.3.0-26.el9.noarch                                          
  python3-dateutil-1:2.9.0.post0-1.el9_7.noarch                                 
  python3-dbus-1.2.18-2.el9.0.1.x86_64                                          
  python3-dnf-plugins-core-4.3.0-26.el9.noarch                                  
  python3-six-1.15.0-9.el9.noarch                                               
  python3-systemd-234-19.el9.x86_64                                             

Complete!
Rocky Linux 9 - BaseOS                          8.0 kB/s | 4.3 kB     00:00    
Rocky Linux 9 - AppStream                       9.9 kB/s | 4.8 kB     00:00    
Rocky Linux 9 - CRB                             6.2 MB/s | 5.6 MB     00:00    
Dependencies resolved.
================================================================================
 Package               Architecture    Version            Repository       Size
================================================================================
Installing:
 epel-release          noarch          9-10.el9           extras           19 k

Transaction Summary
================================================================================
Install  1 Package

Total download size: 19 k
Installed size: 26 k
Downloading Packages:
epel-release-9-10.el9.noarch.rpm                323 kB/s |  19 kB     00:00    
--------------------------------------------------------------------------------
Total                                            37 kB/s |  19 kB     00:00     
Running transaction check
Transaction check succeeded.
Running transaction test
Transaction test succeeded.
Running transaction
  Preparing        :                                                        1/1 
  Installing       : epel-release-9-10.el9.noarch                           1/1 
  Running scriptlet: epel-release-9-10.el9.noarch                           1/1 
Many EPEL packages require the CodeReady Builder (CRB) repository.
It is recommended that you run /usr/bin/crb enable to enable the CRB repository.

  Verifying        : epel-release-9-10.el9.noarch                           1/1 

Installed:
  epel-release-9-10.el9.noarch                                                  

Complete!
  % Total    % Received % Xferd  Average Speed   Time    Time     Time  Current
                                 Dload  Upload   Total   Spent    Left  Speed
  0     0    0     0    0     0      0      0 --:--:-- --:--:-- --:--:--     0  0     0    0     0    0     0      0      0 --:--:-- --:--:-- --:--:--     0100  3183  100  3183    0     0   4070      0 --:--:-- --:--:-- --:--:--  4070
gpg: directory '/root/.gnupg' created
gpg: keybox '/root/.gnupg/pubring.kbx' created
gpg: /root/.gnupg/trustdb.gpg: trustdb created
  % Total    % Received % Xferd  Average Speed   Time    Time     Time  Current
                                 Dload  Upload   Total   Spent    Left  Speed
  0     0    0     0    0     0      0      0 --:--:-- --:--:-- --:--:--     0  0     0    0     0    0     0      0      0 --:--:-- --:--:-- --:--:--     0100 33949  100 33949    0     0  39338      0 --:--:-- --:--:-- --:--:-- 39292
/tmp/remi-release.rpm: digests SIGNATURES NOT OK
