test_observed_tail_disappeared (journal_regression.Tests.test_observed_tail_disappeared) ... FAIL
test_observed_suffix_missing_next_round (journal_regression.Tests.test_observed_suffix_missing_next_round) ... FAIL

======================================================================
FAIL: test_observed_tail_disappeared (journal_regression.Tests.test_observed_tail_disappeared)
----------------------------------------------------------------------
Traceback (most recent call last):
  File "/home/nilton/Projetos/nilton/NOVOS/platform-install-packages-php83/tools/php83/baseline-rehearsal/privacy/journal-window-v1/test_scan.py", line 34, in test_observed_tail_disappeared
    with self.assertRaisesRegex(m.Incomplete,'TAIL_REGRESSED'):
AssertionError: Incomplete not raised

======================================================================
FAIL: test_observed_suffix_missing_next_round (journal_regression.Tests.test_observed_suffix_missing_next_round)
----------------------------------------------------------------------
journal_r1.Incomplete: SCAN_FAILED

During handling of the above exception, another exception occurred:

Traceback (most recent call last):
  File "/home/nilton/Projetos/nilton/NOVOS/platform-install-packages-php83/tools/php83/baseline-rehearsal/privacy/journal-window-v1/test_scan.py", line 37, in test_observed_suffix_missing_next_round
    with self.assertRaisesRegex(m.Incomplete,'OBSERVED_TAIL_MISSING'):
AssertionError: "OBSERVED_TAIL_MISSING" does not match "SCAN_FAILED"

----------------------------------------------------------------------
Ran 2 tests in 0.001s

FAILED (failures=2)
