Types: deb
URIs: https://ppa.launchpadcontent.net/ondrej/php/ubuntu/
Suites: noble
Components: main
Signed-By:
 -----BEGIN PGP PUBLIC KEY BLOCK-----
 .
 mQINBGYo0vEBEAC0Semxy5I2b8exRUxJfTKkHR4f5uyS0dTd9vYgMI5T3gsa7ypH
 HtE+GiZC+T9m/F9h66+XJMxhuNsKRs7T2In5NSeso9H/ytlSTayUaBtCFfRp6y6b
 6ozuRBfqYJGxhjAnIzvNF/Wpp2BvfQm3OrQ7uJJrt5IvzLDC4jPxl/Xs3sTT+Hbk
 bkKKprZ3xmy2enuwBaNWR/CUtAz3hbkzL1kGbhX9m3QidFJagVVdDw3aNEwo8ush
 djWfF+BajNvpDFYJKBGQbCeagB753Baa5yIN62x+THLnLiKTMDS1e7U0ZDiV9671
 noTbtN5TeZeyfsEmeZ8X60x11JIP3yYHYZT70/DyTYX3WC9yQFyIgVOfRlGklMKI
 k3TLMmtq8w5Hz1vovwzV7PzaQnmY+uNP2ZbAP4fJ3iFAj0L+u0i1nOFgTy0Lq058
 O/FjRrQxuceDDCF+9ThspXMw3Puvz8giuBDCdEda84uC7XWMdqgz/maLfFQjAmyP
 Ixi1EMxMlHYyZajpR1cdCfrAIQlnQjHSWmyeCFgXPPfRA71aCcJ7oSrDjogW6Ahd
 HRkQRKf1FF9BFzycgSQotfR+7CKfPQh1kghufM9W/spARzA709nGZjXJzgEJLQd3
 CDB6dIIxT/0YI36h3Qgfmiiw4twO24MMEqEEPIELz2WJKeWGkdQdcekpxQARAQAB
 tB9MYXVuY2hwYWQgUFBBIGZvciBPbmTFmWVqIFN1csO9iQJOBBMBCgA4FiEEuNx+
 U5RmVu+85MHdcdrqq0rUyrYFAmYo0vECGwMFCwkIBwIGFQoJCAsCBBYCAwECHgEC
 F4AACgkQcdrqq0rUyrYOPQ/+IArA4s1J3op/w7cXek0ieFHWHFDrxPYS+78/LF/J
 LoYZw0nIU5Ovr+LzehFMIQU6esgPXwbeCVgwLwat57augAkAYWT0UzH5dE6RKAGr
 C2vsHWVfPhQn6UndfzwXc0mTLGQni25aQaZ6k60Dbm/vblejrTQrtAUWoMO3Z1cr
 NDGJ3Z9DCxtr2o9gRYUI6HwLHJtobTIeI5xsr5x+GvXiIAVCPa3ZEuRL6jMQfqfS
 C43mpuiS1kGgsnQLs2DbN7EFCfiJoNX1QzZu25zg+IS9PXbCJnheZWnH0rwUSb/N
 hZPcSefGlNlhr824OfT30v79hQnw59XbsfV270O9jPbD4kttN+OiszbU66zsuiOh
 BO46XCckQPqDkBMw56GPFuVrQgGb1thXvn67URJgPyJhwauBWKPNAJ9Ojuo+yVq/
 hdR1VNWThXQbZgaGSWrbjt6FdYtQb9VX88uu5gFDmr180HogHNUDUcqNLLdnjfFs
 4DyJlusQ5I/a7cQ7nlkNgxAmHszwO/mGLBuGljDUYkwZDW9nqP1Q5Q2jMtrhgXvR
 2SOtufvecUbB7+eoRSaOnu7CNMATG6LocFEMzhKUde1uZTfWSqnYEcdqoFJMi46y
 qaNxhiNLsQ5OBMbgSp2zCbQxRBdITMVvBR5YjCetUIGEs6T1yQ5wh5Xpoi34ShHn
 v38=
 =kFlZ
 -----END PGP PUBLIC KEY BLOCK-----
ppa.launchpadcontent.net_ondrej_php_ubuntu_dists_noble_main_binary-amd64_Packages
ppa.launchpadcontent.net_ondrej_php_ubuntu_dists_noble_main_i18n_Translation-en
ppa.launchpadcontent.net_ondrej_php_ubuntu_dists_noble_InRelease
libc6 2.39-0ubuntu8.6
libxml2 2.9.14+dfsg-1.3ubuntu3.9
'https://ppa.launchpadcontent.net/ondrej/php/ubuntu/pool/main/p/php7.4/php7.4-soap_7.4.33-30%2bubuntu24.04.1%2bdeb.sury.org%2b1_amd64.deb' php7.4-soap_1%3a7.4.33-30+ubuntu24.04.1+deb.sury.org+1_amd64.deb 124842 SHA512:76ca519f9fbf12a82bd2ef60e287bb87ce935eb431b55309bf096f20db634ac5517b06199d7153ff274736332fee0696e91e53c4b5162cebcd3c1ef282b8370f
